Solver:
  Problem:
    a * d * (a + b + c) + d (twice derivable function)
    Argument's bounds: (1, 5), (1, 5), (1, 5), (1, 5)
    Argument's scales: 1, 1, 1, 1
    Number of constraints: 2
    Constraint 0
        a * b * c * d (twice derivable function)
        Bounds: (25, inf)
        Scales: 1
        Initial value: [1](25)
        
    Constraint 1
        a * a + b * b + c * c + d * d (twice derivable function)
        Bounds: (40, 40)
        Scales: 1
        Initial value: [1](52) (constraint not satisfied)
        
    Starting point: [4](1,5,5,1)
    Starting value: [1](12)
    Infinity value (for all functions): inf
  Parameters:
    cfsqp.bigbnd (symbolizes infinity): 1e+10
    cfsqp.eps (final norm requirement for the Newton direction): 1e-08
    cfsqp.epseqn (maximum violation of nonlinear equality constraint): 1e-08
    cfsqp.iprint (logging level): 0
    cfsqp.mode (CFSQP mode): 100
    cfsqp.udelta (perturbation size used in CFSQP finite differences algorithm): 1e-08
    max-iterations (number of iterations): 50
    
CFSQP specific variables: 
  Nineq: 1
  Nineqn: 1
  Neq: 1
  Neqn: 1
  CFSQP constraints: (0, 1), (1, 1)
Result: 
    Size (input, output): 4, 1
    X: [4](1,4.743,3.82115,1.37941)
    Value: [1](14.5723)
    Constraints values: [2](25,40)
    Lambda: [2](0,0)
    Warnings: New iterate equivalent to previous one.
