Problem:
  Twice derivable function
  Argument's bounds: (1, 5), (1, 5), (1, 5), (1, 5)
  Argument's scales: 1, 1, 1, 1
  Number of constraints: 2
  Constraint 0
      Bounds: (25, inf)
      Scales: 1
      
  Constraint 1
      Bounds: (40, 40)
      Scales: 1
      
  Starting point: [4](1,5,5,1)
  Starting value: [1](12)
  Infinity value (for all functions): inf
CFSQP specific variables: 
  Nineq: 1
  Nineqn: 1
  Neq: 1
  Neqn: 1
  Mode: 100
  Iprint: 0
  Miter: 500
  Bigbnd: 1e+10
  Eps: 1e-08
  Epseqn: 1e-08
  Udelta: 1e-08
  CFSQP constraints: (0, 1), (1, 1)
A solution has been found: 
Result: 
    Size (input, output): 4, 1
    X: [4](1,5,5,1)
    Value: [1](12)
    Lambda: [2](0,0)
    Warnings: New iterate equivalent to previous one.
