Solver:
  Problem:
    Numeric linear function
      A = [1,1]((1))
      B = [1](0)
    Argument's bounds: (-inf, inf)
    Argument's scales: 1
    Number of constraints: 3
    Constraint 0
        Numeric linear function
          A = [1,1]((1))
          B = [1](0)
        Bounds: (-42, inf)
        Scales: 1
        
    Constraint 1
        Numeric linear function
          A = [1,1]((1))
          B = [1](0)
        Bounds: (-inf, 42)
        Scales: 1
        
    Constraint 2
        Numeric linear function
          A = [1,1]((1))
          B = [1](0)
        Bounds: (-42, 42)
        Scales: 1
        
    No starting point.
    Infinity value (for all functions): inf
  Parameters:
    cfsqp.bigbnd (symbolizes infinity): 1e+10
    cfsqp.eps (final norm requirement for the Newton direction): 1e-08
    cfsqp.epseqn (maximum violation of nonlinear equality constraint): 1e-08
    cfsqp.iprint (logging level): 0
    cfsqp.mode (CFSQP mode): 100
    cfsqp.udelta (perturbation size used in CFSQP finite differences algorithm): 1e-08
    max-iterations (number of iterations): 50
    
CFSQP specific variables: 
  Nineq: 4
  Nineqn: 0
  Neq: 0
  Neqn: 0
  CFSQP constraints: (0, 1), (1, 0), (2, 1), (2, 0)
Result: 
    Size (input, output): 1, 1
    X: [1](-42)
    Value: [1](-42)
    Constraints values: [3](-42,-42,-42)
    Lambda: [4](0,1,0,1)
